// Jest Snapshot v1, https://goo.gl/fbAQLP

exports[`FormTextarea component should render correctly 1`] = `
<FormControl
  currentLength={0}
  label="Label"
  onChange={[MockFunction]}
  required={false}
>
  <Textarea
    onChange={[Function]}
    placeholder="Placeholder"
    rows={10}
    value=""
  />
</FormControl>
`;
